Base path: 'C:/Program Files/Unity/Hub/Editor/2022.3.4f1/Editor/Data', plugins path 'C:/Program Files/Unity/Hub/Editor/2022.3.4f1/Editor/Data/PlaybackEngines'
Cmd: initializeCompiler

Cmd: compileComputeKernel
  insize=5009 file=Packages/com.unity.postprocessing/PostProcessing/Shaders/Builtins/Lut3DBaker.compute kernel=KGenLut3D_NoTonemap ppOnly=0 stripLineD=0 buildPlatform=13 km=<TONEMAPPING_NONE=1>,<UNITY_VERSION=202234> pKW=UNITY_NO_DXT5nm UNITY_NO_RGBM UNITY_ENABLE_REFLECTION_BUFFERS UNITY_FRAMEBUFFER_FETCH_AVAILABLE UNITY_NO_CUBEMAP_ARRAY UNITY_NO_SCREENSPACE_SHADOWS UNITY_PBS_USE_BRDF2 SHADER_API_MOBILE UNITY_LIGHTMAP_RGBM_ENCODING SHADER_API_GLES30 uKW=SHADER_STAGE_COMPUTE platform=gles3 flags=268439552 reqs=16385 forceDXC=0 forceFXC=0 ok=1 outsize=7212

Cmd: compileComputeKernel
  insize=10925 file=Packages/com.unity.postprocessing/PostProcessing/Shaders/Builtins/MultiScaleVORender.compute kernel=MultiScaleVORender_MSAA_interleaved ppOnly=0 stripLineD=0 buildPlatform=13 km=<MAIN=MultiScaleVORender_MSAA_interleaved>,<MSAA=1>,<INTERLEAVE_RESULT=1>,<UNITY_VERSION=202234> pKW=UNITY_NO_DXT5nm UNITY_NO_RGBM UNITY_ENABLE_REFLECTION_BUFFERS UNITY_NO_CUBEMAP_ARRAY UNITY_NO_SCREENSPACE_SHADOWS UNITY_PBS_USE_BRDF2 SHADER_API_MOBILE UNITY_LIGHTMAP_RGBM_ENCODING uKW=SHADER_STAGE_COMPUTE platform=vulkan flags=268439552 reqs=16385 forceDXC=0 forceFXC=0 ok=1 outsize=48909

Cmd: compileComputeKernel
  insize=10925 file=Packages/com.unity.postprocessing/PostProcessing/Shaders/Builtins/MultiScaleVORender.compute kernel=MultiScaleVORender_MSAA ppOnly=0 stripLineD=0 buildPlatform=13 km=<MAIN=MultiScaleVORender_MSAA>,<MSAA=1>,<UNITY_VERSION=202234> pKW=UNITY_NO_DXT5nm UNITY_NO_RGBM UNITY_ENABLE_REFLECTION_BUFFERS UNITY_NO_CUBEMAP_ARRAY UNITY_NO_SCREENSPACE_SHADOWS UNITY_PBS_USE_BRDF2 SHADER_API_MOBILE UNITY_LIGHTMAP_RGBM_ENCODING uKW=SHADER_STAGE_COMPUTE platform=vulkan flags=268439552 reqs=16385 forceDXC=0 forceFXC=0 ok=1 outsize=48333

Cmd: compileComputeKernel
  insize=10925 file=Packages/com.unity.postprocessing/PostProcessing/Shaders/Builtins/MultiScaleVORender.compute kernel=MultiScaleVORender ppOnly=0 stripLineD=0 buildPlatform=13 km=<MAIN=MultiScaleVORender>,<UNITY_VERSION=202234> pKW=UNITY_NO_DXT5nm UNITY_NO_RGBM UNITY_ENABLE_REFLECTION_BUFFERS UNITY_NO_CUBEMAP_ARRAY UNITY_NO_SCREENSPACE_SHADOWS UNITY_PBS_USE_BRDF2 SHADER_API_MOBILE UNITY_LIGHTMAP_RGBM_ENCODING uKW=SHADER_STAGE_COMPUTE platform=vulkan flags=268439552 reqs=16385 forceDXC=0 forceFXC=0 ok=1 outsize=40420

Cmd: compileComputeKernel
  insize=3444 file=Packages/com.unity.postprocessing/PostProcessing/Shaders/Builtins/MultiScaleVODownsample1.compute kernel=MultiScaleVODownsample1_MSAA ppOnly=0 stripLineD=0 buildPlatform=13 km=<main=MultiScaleVODownsample1_MSAA>,<MSAA=1>,<UNITY_VERSION=202234> pKW=UNITY_NO_DXT5nm UNITY_NO_RGBM UNITY_ENABLE_REFLECTION_BUFFERS UNITY_NO_CUBEMAP_ARRAY UNITY_NO_SCREENSPACE_SHADOWS UNITY_PBS_USE_BRDF2 SHADER_API_MOBILE UNITY_LIGHTMAP_RGBM_ENCODING uKW=SHADER_STAGE_COMPUTE platform=vulkan flags=268439552 reqs=16385 forceDXC=0 forceFXC=0 ok=1 outsize=11834

Cmd: compileComputeKernel
  insize=3444 file=Packages/com.unity.postprocessing/PostProcessing/Shaders/Builtins/MultiScaleVODownsample1.compute kernel=MultiScaleVODownsample1 ppOnly=0 stripLineD=0 buildPlatform=13 km=<main=MultiScaleVODownsample1>,<UNITY_VERSION=202234> pKW=UNITY_NO_DXT5nm UNITY_NO_RGBM UNITY_ENABLE_REFLECTION_BUFFERS UNITY_NO_CUBEMAP_ARRAY UNITY_NO_SCREENSPACE_SHADOWS UNITY_PBS_USE_BRDF2 SHADER_API_MOBILE UNITY_LIGHTMAP_RGBM_ENCODING uKW=SHADER_STAGE_COMPUTE platform=vulkan flags=268439552 reqs=16385 forceDXC=0 forceFXC=0 ok=1 outsize=9745

Cmd: compileComputeKernel
  insize=1556 file=Packages/com.unity.postprocessing/PostProcessing/Shaders/Debug/Vectorscope.compute kernel=KVectorscopeClear ppOnly=0 stripLineD=0 buildPlatform=13 km=<UNITY_VERSION=202234> pKW=UNITY_NO_DXT5nm UNITY_NO_RGBM UNITY_ENABLE_REFLECTION_BUFFERS UNITY_NO_CUBEMAP_ARRAY UNITY_NO_SCREENSPACE_SHADOWS UNITY_PBS_USE_BRDF2 SHADER_API_MOBILE UNITY_LIGHTMAP_RGBM_ENCODING uKW=SHADER_STAGE_COMPUTE platform=vulkan flags=268439552 reqs=16385 forceDXC=0 forceFXC=0 ok=1 outsize=2623

Cmd: compileComputeKernel
  insize=1556 file=Packages/com.unity.postprocessing/PostProcessing/Shaders/Debug/Vectorscope.compute kernel=KVectorscopeGather ppOnly=0 stripLineD=0 buildPlatform=13 km=<UNITY_VERSION=202234> pKW=UNITY_NO_DXT5nm UNITY_NO_RGBM UNITY_ENABLE_REFLECTION_BUFFERS UNITY_NO_CUBEMAP_ARRAY UNITY_NO_SCREENSPACE_SHADOWS UNITY_PBS_USE_BRDF2 SHADER_API_MOBILE UNITY_LIGHTMAP_RGBM_ENCODING uKW=SHADER_STAGE_COMPUTE platform=vulkan flags=268439552 reqs=16385 forceDXC=0 forceFXC=0 ok=1 outsize=5363

Cmd: compileComputeKernel
  insize=2092 file=Packages/com.unity.postprocessing/PostProcessing/Shaders/Builtins/MultiScaleVODownsample2.compute kernel=MultiScaleVODownsample2_MSAA ppOnly=0 stripLineD=0 buildPlatform=13 km=<main=MultiScaleVODownsample2_MSAA>,<MSAA=1>,<UNITY_VERSION=202234> pKW=UNITY_NO_DXT5nm UNITY_NO_RGBM UNITY_ENABLE_REFLECTION_BUFFERS UNITY_NO_CUBEMAP_ARRAY UNITY_NO_SCREENSPACE_SHADOWS UNITY_PBS_USE_BRDF2 SHADER_API_MOBILE UNITY_LIGHTMAP_RGBM_ENCODING uKW=SHADER_STAGE_COMPUTE platform=vulkan flags=268439552 reqs=16385 forceDXC=0 forceFXC=0 ok=1 outsize=4389

Cmd: compileComputeKernel
  insize=2092 file=Packages/com.unity.postprocessing/PostProcessing/Shaders/Builtins/MultiScaleVODownsample2.compute kernel=MultiScaleVODownsample2 ppOnly=0 stripLineD=0 buildPlatform=13 km=<main=MultiScaleVODownsample2>,<UNITY_VERSION=202234> pKW=UNITY_NO_DXT5nm UNITY_NO_RGBM UNITY_ENABLE_REFLECTION_BUFFERS UNITY_NO_CUBEMAP_ARRAY UNITY_NO_SCREENSPACE_SHADOWS UNITY_PBS_USE_BRDF2 SHADER_API_MOBILE UNITY_LIGHTMAP_RGBM_ENCODING uKW=SHADER_STAGE_COMPUTE platform=vulkan flags=268439552 reqs=16385 forceDXC=0 forceFXC=0 ok=1 outsize=4304

Cmd: compileComputeKernel
  insize=5394 file=Packages/com.unity.render-pipelines.core/Editor/Lighting/ProbeVolume/ProbeVolumeCellDilation.compute kernel=DilateCell ppOnly=0 stripLineD=0 buildPlatform=13 km=<UNITY_VERSION=202234> pKW=UNITY_NO_DXT5nm UNITY_NO_RGBM UNITY_ENABLE_REFLECTION_BUFFERS UNITY_NO_CUBEMAP_ARRAY UNITY_NO_SCREENSPACE_SHADOWS UNITY_PBS_USE_BRDF2 SHADER_API_MOBILE UNITY_LIGHTMAP_RGBM_ENCODING uKW=SHADER_STAGE_COMPUTE platform=vulkan flags=268439552 reqs=16385 forceDXC=0 forceFXC=0 ok=1 outsize=46361

Cmd: compileComputeKernel
  insize=1224 file=Packages/com.unity.postprocessing/PostProcessing/Shaders/Builtins/Texture3DLerp.compute kernel=KTexture3DLerpToColor ppOnly=0 stripLineD=0 buildPlatform=13 km=<UNITY_VERSION=202234> pKW=UNITY_NO_DXT5nm UNITY_NO_RGBM UNITY_ENABLE_REFLECTION_BUFFERS UNITY_NO_CUBEMAP_ARRAY UNITY_NO_SCREENSPACE_SHADOWS UNITY_PBS_USE_BRDF2 SHADER_API_MOBILE UNITY_LIGHTMAP_RGBM_ENCODING uKW=SHADER_STAGE_COMPUTE platform=vulkan flags=268439552 reqs=16385 forceDXC=0 forceFXC=0 ok=1 outsize=3228

Cmd: compileComputeKernel
  insize=1224 file=Packages/com.unity.postprocessing/PostProcessing/Shaders/Builtins/Texture3DLerp.compute kernel=KTexture3DLerp ppOnly=0 stripLineD=0 buildPlatform=13 km=<UNITY_VERSION=202234> pKW=UNITY_NO_DXT5nm UNITY_NO_RGBM UNITY_ENABLE_REFLECTION_BUFFERS UNITY_NO_CUBEMAP_ARRAY UNITY_NO_SCREENSPACE_SHADOWS UNITY_PBS_USE_BRDF2 SHADER_API_MOBILE UNITY_LIGHTMAP_RGBM_ENCODING uKW=SHADER_STAGE_COMPUTE platform=vulkan flags=268439552 reqs=16385 forceDXC=0 forceFXC=0 ok=1 outsize=3500

Cmd: compileComputeKernel
  insize=2161 file=Packages/com.unity.postprocessing/PostProcessing/Shaders/Debug/Histogram.compute kernel=KHistogramGather ppOnly=0 stripLineD=0 buildPlatform=13 km=<UNITY_VERSION=202234> pKW=UNITY_NO_DXT5nm UNITY_NO_RGBM UNITY_ENABLE_REFLECTION_BUFFERS UNITY_NO_CUBEMAP_ARRAY UNITY_NO_SCREENSPACE_SHADOWS UNITY_PBS_USE_BRDF2 SHADER_API_MOBILE UNITY_LIGHTMAP_RGBM_ENCODING uKW=SHADER_STAGE_COMPUTE platform=vulkan flags=268439552 reqs=16385 forceDXC=0 forceFXC=0 ok=1 outsize=5643

Cmd: compileComputeKernel
  insize=1908 file=Packages/com.unity.postprocessing/PostProcessing/Shaders/Debug/Waveform.compute kernel=KWaveformClear ppOnly=0 stripLineD=0 buildPlatform=13 km=<UNITY_VERSION=202234> pKW=UNITY_NO_DXT5nm UNITY_NO_RGBM UNITY_ENABLE_REFLECTION_BUFFERS UNITY_NO_CUBEMAP_ARRAY UNITY_NO_SCREENSPACE_SHADOWS UNITY_PBS_USE_BRDF2 SHADER_API_MOBILE UNITY_LIGHTMAP_RGBM_ENCODING uKW=SHADER_STAGE_COMPUTE platform=vulkan flags=268439552 reqs=16385 forceDXC=0 forceFXC=0 ok=1 outsize=2777

Cmd: compileComputeKernel
  insize=1908 file=Packages/com.unity.postprocessing/PostProcessing/Shaders/Debug/Waveform.compute kernel=KWaveformGather ppOnly=0 stripLineD=0 buildPlatform=13 km=<UNITY_VERSION=202234> pKW=UNITY_NO_DXT5nm UNITY_NO_RGBM UNITY_ENABLE_REFLECTION_BUFFERS UNITY_NO_CUBEMAP_ARRAY UNITY_NO_SCREENSPACE_SHADOWS UNITY_PBS_USE_BRDF2 SHADER_API_MOBILE UNITY_LIGHTMAP_RGBM_ENCODING uKW=SHADER_STAGE_COMPUTE platform=vulkan flags=268439552 reqs=16385 forceDXC=0 forceFXC=0 ok=1 outsize=5073

Cmd: compileComputeKernel
  insize=18315 file=Packages/com.unity.postprocessing/PostProcessing/Shaders/Builtins/MultiScaleVOUpsample.compute kernel=MultiScaleVOUpSample_MSAA_premin_blendout ppOnly=0 stripLineD=0 buildPlatform=13 km=<MAIN=MultiScaleVOUpSample_MSAA_premin_blendout>,<MSAA=1>,<COMBINE_LOWER_RESOLUTIONS=1>,<BLEND_WITH_HIGHER_RESOLUTION=1>,<UNITY_VERSION=202234> pKW=UNITY_NO_DXT5nm UNITY_NO_RGBM UNITY_ENABLE_REFLECTION_BUFFERS UNITY_NO_CUBEMAP_ARRAY UNITY_NO_SCREENSPACE_SHADOWS UNITY_PBS_USE_BRDF2 SHADER_API_MOBILE UNITY_LIGHTMAP_RGBM_ENCODING uKW=SHADER_STAGE_COMPUTE platform=vulkan flags=268439552 reqs=16385 forceDXC=0 forceFXC=0 ok=1 outsize=57786

Cmd: compileComputeKernel
  insize=18315 file=Packages/com.unity.postprocessing/PostProcessing/Shaders/Builtins/MultiScaleVOUpsample.compute kernel=MultiScaleVOUpSample_MSAA_blendout ppOnly=0 stripLineD=0 buildPlatform=13 km=<MAIN=MultiScaleVOUpSample_MSAA_blendout>,<MSAA=1>,<BLEND_WITH_HIGHER_RESOLUTION=1>,<UNITY_VERSION=202234> pKW=UNITY_NO_DXT5nm UNITY_NO_RGBM UNITY_ENABLE_REFLECTION_BUFFERS UNITY_NO_CUBEMAP_ARRAY UNITY_NO_SCREENSPACE_SHADOWS UNITY_PBS_USE_BRDF2 SHADER_API_MOBILE UNITY_LIGHTMAP_RGBM_ENCODING uKW=SHADER_STAGE_COMPUTE platform=vulkan flags=268439552 reqs=16385 forceDXC=0 forceFXC=0 ok=1 outsize=57223

Cmd: compileComputeKernel
  insize=18315 file=Packages/com.unity.postprocessing/PostProcessing/Shaders/Builtins/MultiScaleVOUpsample.compute kernel=MultiScaleVOUpSample_MSAA_premin ppOnly=0 stripLineD=0 buildPlatform=13 km=<MAIN=MultiScaleVOUpSample_MSAA_premin>,<MSAA=1>,<COMBINE_LOWER_RESOLUTIONS=1>,<UNITY_VERSION=202234> pKW=UNITY_NO_DXT5nm UNITY_NO_RGBM UNITY_ENABLE_REFLECTION_BUFFERS UNITY_NO_CUBEMAP_ARRAY UNITY_NO_SCREENSPACE_SHADOWS UNITY_PBS_USE_BRDF2 SHADER_API_MOBILE UNITY_LIGHTMAP_RGBM_ENCODING uKW=SHADER_STAGE_COMPUTE platform=vulkan flags=268439552 reqs=16385 forceDXC=0 forceFXC=0 ok=1 outsize=56366

Cmd: compileComputeKernel
  insize=18315 file=Packages/com.unity.postprocessing/PostProcessing/Shaders/Builtins/MultiScaleVOUpsample.compute kernel=MultiScaleVOUpSample_blendout ppOnly=0 stripLineD=0 buildPlatform=13 km=<MAIN=MultiScaleVOUpSample_blendout>,<BLEND_WITH_HIGHER_RESOLUTION=1>,<UNITY_VERSION=202234> pKW=UNITY_NO_DXT5nm UNITY_NO_RGBM UNITY_ENABLE_REFLECTION_BUFFERS UNITY_NO_CUBEMAP_ARRAY UNITY_NO_SCREENSPACE_SHADOWS UNITY_PBS_USE_BRDF2 SHADER_API_MOBILE UNITY_LIGHTMAP_RGBM_ENCODING uKW=SHADER_STAGE_COMPUTE platform=vulkan flags=268439552 reqs=16385 forceDXC=0 forceFXC=0 ok=1 outsize=34546

Cmd: shutdown
